[2026-09-26 11:35:59] cmd_add status=OK elapsed=156117.4ms
[2026-09-26 11:50:18] cmd_list status=OK elapsed=0.3ms
[2026-09-26 13:53:40] cmd_add status=OK elapsed=43392.1ms
[2026-09-26 13:54:59] cmd_list status=OK elapsed=0.3ms
[2026-09-26 13:55:32] cmd_category_add status=OK elapsed=16007.6ms
[2026-09-26 13:56:13] cmd_category_list status=OK elapsed=0.2ms
[2026-09-26 13:57:03] cmd_budget_set status=OK elapsed=2.6ms
[2026-09-26 13:57:47] cmd_summary status=OK elapsed=4.3ms
[2026-09-26 13:58:34] cmd_export status=OK elapsed=0.5ms
[2026-09-26 13:58:47] cmd_add status=OK elapsed=6481177.9ms
[2026-09-26 15:51:28] cmd_category_list status=OK elapsed=0.2ms
[2026-09-26 15:53:01] cmd_add status=OK elapsed=40440.8ms
[2026-09-26 16:52:19] cmd_category_list status=OK elapsed=0.2ms
[2026-09-26 16:52:45] cmd_add status=OK elapsed=95385.0ms
[2026-09-26 17:30:12] cmd_add status=OK elapsed=34394.9ms
[2026-09-26 17:30:59] cmd_list status=OK elapsed=0.7ms
[2026-09-26 17:31:20] cmd_summary status=OK elapsed=2.4ms
[2026-09-26 17:40:23] cmd_export status=OK elapsed=0.6ms
[2026-09-26 17:40:47] cmd_export status=OK elapsed=0.6ms
[2026-09-26 17:41:23] cmd_import status=ERROR elapsed=0.1ms
[2026-09-26 17:41:54] cmd_import status=OK elapsed=11.1ms
[2026-09-26 17:42:13] cmd_list status=OK elapsed=0.4ms
[2026-09-26 17:43:02] cmd_category_add status=OK elapsed=5236.0ms
[2026-09-26 17:43:17] cmd_category_list status=OK elapsed=0.2ms
[2026-09-26 17:43:47] cmd_category_remove status=OK elapsed=3306.9ms
[2026-09-26 17:43:59] cmd_category_list status=OK elapsed=0.2ms
[2026-09-26 17:48:57] cmd_import status=ERROR elapsed=0.1ms
