[2026-07-11 12:32:22] cmd_category_list status=OK elapsed=2.3ms
[2026-07-11 12:32:22] cmd_add status=OK elapsed=3.0ms
[2026-07-11 12:32:22] cmd_add status=OK elapsed=2.9ms
[2026-07-11 12:32:22] cmd_add status=OK elapsed=2.8ms
[2026-07-11 12:32:22] cmd_add status=OK elapsed=2.8ms
[2026-07-11 12:32:22] cmd_list status=OK elapsed=0.3ms
[2026-07-11 12:32:22] cmd_search status=OK elapsed=0.3ms
[2026-07-11 12:32:22] cmd_search status=OK elapsed=0.3ms
[2026-07-11 12:32:22] cmd_summary status=OK elapsed=2.4ms
[2026-07-11 12:32:22] cmd_budget_set status=OK elapsed=2.7ms
[2026-07-11 12:32:23] cmd_summary status=OK elapsed=2.5ms
[2026-07-11 12:32:23] cmd_summary status=OK elapsed=2.5ms
[2026-07-11 12:32:23] cmd_category_add status=OK elapsed=0.6ms
[2026-07-11 12:32:23] cmd_category_remove status=ERROR elapsed=0.4ms
[2026-07-11 12:32:23] cmd_category_remove status=OK elapsed=0.8ms
[2026-07-11 12:32:23] cmd_update status=OK elapsed=0.7ms
[2026-07-11 12:32:23] cmd_update status=ERROR elapsed=0.3ms
[2026-07-11 12:32:23] cmd_delete status=ERROR elapsed=0.3ms
[2026-07-11 12:32:23] cmd_delete status=OK elapsed=0.7ms
[2026-07-11 12:32:23] cmd_export status=OK elapsed=0.8ms
[2026-07-11 12:32:23] cmd_export status=ERROR elapsed=0.1ms
[2026-07-11 12:32:23] cmd_import status=OK elapsed=4.7ms
[2026-07-11 12:32:23] cmd_add status=OK elapsed=2.9ms
